Analysis & Synthesis report for pipeline
Sun Jun 07 21:40:47 2026
Quartus II 64-Bit Version 13.0.1 Build 232 06/12/2013 Service Pack 1 SJ Web Edition


---------------------
; Table of Contents ;
---------------------
  1. Legal Notice
  2. Analysis & Synthesis Summary
  3. Analysis & Synthesis Settings
  4. Parallel Compilation
  5. Analysis & Synthesis Source Files Read
  6. Analysis & Synthesis Resource Usage Summary
  7. Analysis & Synthesis Resource Utilization by Entity
  8. State Machine - |pipeline|alu:ALU|state
  9. Registers Removed During Synthesis
 10. Removed Registers Triggering Further Register Optimizations
 11. General Register Statistics
 12. Multiplexer Restructuring Statistics (Restructuring Performed)
 13. Parameter Settings for User Entity Instance: inst_fetch:IF
 14. Parameter Settings for User Entity Instance: memory:MEM
 15. Port Connectivity Checks: "inst_fetch:IF"
 16. Elapsed Time Per Partition
 17. Analysis & Synthesis Messages



----------------
; Legal Notice ;
----------------
Copyright (C) 1991-2013 Altera Corporation
Your use of Altera Corporation's design tools, logic functions 
and other software and tools, and its AMPP partner logic 
functions, and any output files from any of the foregoing 
(including device programming or simulation files), and any 
associated documentation or information are expressly subject 
to the terms and conditions of the Altera Program License 
Subscription Agreement, Altera MegaCore Function License 
Agreement, or other applicable license agreement, including, 
without limitation, that your use is for the sole purpose of 
programming logic devices manufactured by Altera and sold by 
Altera or its authorized distributors.  Please refer to the 
applicable agreement for further details.



+--------------------------------------------------------------------------------------+
; Analysis & Synthesis Summary                                                         ;
+------------------------------------+-------------------------------------------------+
; Analysis & Synthesis Status        ; Successful - Sun Jun 07 21:40:47 2026           ;
; Quartus II 64-Bit Version          ; 13.0.1 Build 232 06/12/2013 SP 1 SJ Web Edition ;
; Revision Name                      ; pipeline                                        ;
; Top-level Entity Name              ; pipeline                                        ;
; Family                             ; Cyclone II                                      ;
; Total logic elements               ; 0                                               ;
;     Total combinational functions  ; 0                                               ;
;     Dedicated logic registers      ; 0                                               ;
; Total registers                    ; 0                                               ;
; Total pins                         ; 2                                               ;
; Total virtual pins                 ; 0                                               ;
; Total memory bits                  ; 0                                               ;
; Embedded Multiplier 9-bit elements ; 0                                               ;
; Total PLLs                         ; 0                                               ;
+------------------------------------+-------------------------------------------------+


+----------------------------------------------------------------------------------------------------------------------+
; Analysis & Synthesis Settings                                                                                        ;
+----------------------------------------------------------------------------+--------------------+--------------------+
; Option                                                                     ; Setting            ; Default Value      ;
+----------------------------------------------------------------------------+--------------------+--------------------+
; Device                                                                     ; EP2C35F672C6       ;                    ;
; Top-level entity name                                                      ; pipeline           ; pipeline           ;
; Family name                                                                ; Cyclone II         ; Cyclone IV GX      ;
; Use smart compilation                                                      ; Off                ; Off                ;
; Enable parallel Assembler and TimeQuest Timing Analyzer during compilation ; On                 ; On                 ;
; Enable compact report table                                                ; Off                ; Off                ;
; Restructure Multiplexers                                                   ; Auto               ; Auto               ;
; Create Debugging Nodes for IP Cores                                        ; Off                ; Off                ;
; Preserve fewer node names                                                  ; On                 ; On                 ;
; Disable OpenCore Plus hardware evaluation                                  ; Off                ; Off                ;
; Verilog Version                                                            ; Verilog_2001       ; Verilog_2001       ;
; VHDL Version                                                               ; VHDL_1993          ; VHDL_1993          ;
; State Machine Processing                                                   ; Auto               ; Auto               ;
; Safe State Machine                                                         ; Off                ; Off                ;
; Extract Verilog State Machines                                             ; On                 ; On                 ;
; Extract VHDL State Machines                                                ; On                 ; On                 ;
; Ignore Verilog initial constructs                                          ; Off                ; Off                ;
; Iteration limit for constant Verilog loops                                 ; 5000               ; 5000               ;
; Iteration limit for non-constant Verilog loops                             ; 250                ; 250                ;
; Add Pass-Through Logic to Inferred RAMs                                    ; On                 ; On                 ;
; Infer RAMs from Raw Logic                                                  ; On                 ; On                 ;
; Parallel Synthesis                                                         ; On                 ; On                 ;
; DSP Block Balancing                                                        ; Auto               ; Auto               ;
; NOT Gate Push-Back                                                         ; On                 ; On                 ;
; Power-Up Don't Care                                                        ; On                 ; On                 ;
; Remove Redundant Logic Cells                                               ; Off                ; Off                ;
; Remove Duplicate Registers                                                 ; On                 ; On                 ;
; Ignore CARRY Buffers                                                       ; Off                ; Off                ;
; Ignore CASCADE Buffers                                                     ; Off                ; Off                ;
; Ignore GLOBAL Buffers                                                      ; Off                ; Off                ;
; Ignore ROW GLOBAL Buffers                                                  ; Off                ; Off                ;
; Ignore LCELL Buffers                                                       ; Off                ; Off                ;
; Ignore SOFT Buffers                                                        ; On                 ; On                 ;
; Limit AHDL Integers to 32 Bits                                             ; Off                ; Off                ;
; Optimization Technique                                                     ; Balanced           ; Balanced           ;
; Carry Chain Length                                                         ; 70                 ; 70                 ;
; Auto Carry Chains                                                          ; On                 ; On                 ;
; Auto Open-Drain Pins                                                       ; On                 ; On                 ;
; Perform WYSIWYG Primitive Resynthesis                                      ; Off                ; Off                ;
; Auto ROM Replacement                                                       ; On                 ; On                 ;
; Auto RAM Replacement                                                       ; On                 ; On                 ;
; Auto Shift Register Replacement                                            ; Auto               ; Auto               ;
; Allow Shift Register Merging across Hierarchies                            ; Auto               ; Auto               ;
; Auto Clock Enable Replacement                                              ; On                 ; On                 ;
; Strict RAM Replacement                                                     ; Off                ; Off                ;
; Allow Synchronous Control Signals                                          ; On                 ; On                 ;
; Force Use of Synchronous Clear Signals                                     ; Off                ; Off                ;
; Auto RAM to Logic Cell Conversion                                          ; Off                ; Off                ;
; Auto Resource Sharing                                                      ; Off                ; Off                ;
; Allow Any RAM Size For Recognition                                         ; Off                ; Off                ;
; Allow Any ROM Size For Recognition                                         ; Off                ; Off                ;
; Allow Any Shift Register Size For Recognition                              ; Off                ; Off                ;
; Use LogicLock Constraints during Resource Balancing                        ; On                 ; On                 ;
; Ignore translate_off and synthesis_off directives                          ; Off                ; Off                ;
; Timing-Driven Synthesis                                                    ; Off                ; Off                ;
; Report Parameter Settings                                                  ; On                 ; On                 ;
; Report Source Assignments                                                  ; On                 ; On                 ;
; Report Connectivity Checks                                                 ; On                 ; On                 ;
; Ignore Maximum Fan-Out Assignments                                         ; Off                ; Off                ;
; Synchronization Register Chain Length                                      ; 2                  ; 2                  ;
; PowerPlay Power Optimization                                               ; Normal compilation ; Normal compilation ;
; HDL message level                                                          ; Level2             ; Level2             ;
; Suppress Register Optimization Related Messages                            ; Off                ; Off                ;
; Number of Removed Registers Reported in Synthesis Report                   ; 5000               ; 5000               ;
; Number of Swept Nodes Reported in Synthesis Report                         ; 5000               ; 5000               ;
; Number of Inverted Registers Reported in Synthesis Report                  ; 100                ; 100                ;
; Clock MUX Protection                                                       ; On                 ; On                 ;
; Auto Gated Clock Conversion                                                ; Off                ; Off                ;
; Block Design Naming                                                        ; Auto               ; Auto               ;
; SDC constraint protection                                                  ; Off                ; Off                ;
; Synthesis Effort                                                           ; Auto               ; Auto               ;
; Shift Register Replacement - Allow Asynchronous Clear Signal               ; On                 ; On                 ;
; Pre-Mapping Resynthesis Optimization                                       ; Off                ; Off                ;
; Analysis & Synthesis Message Level                                         ; Medium             ; Medium             ;
; Disable Register Merging Across Hierarchies                                ; Auto               ; Auto               ;
; Resource Aware Inference For Block RAM                                     ; On                 ; On                 ;
; Synthesis Seed                                                             ; 1                  ; 1                  ;
+----------------------------------------------------------------------------+--------------------+--------------------+


Parallel compilation was disabled, but you have multiple processors available. Enable parallel compilation to reduce compilation time.
+-------------------------------------+
; Parallel Compilation                ;
+----------------------------+--------+
; Processors                 ; Number ;
+----------------------------+--------+
; Number detected on machine ; 20     ;
; Maximum allowed            ; 1      ;
+----------------------------+--------+


+-----------------------------------------------------------------------------------------------------------------------------------------+
; Analysis & Synthesis Source Files Read                                                                                                  ;
+----------------------------------+-----------------+------------------------------+-------------------------------------------+---------+
; File Name with User-Entered Path ; Used in Netlist ; File Type                    ; File Name with Absolute Path              ; Library ;
+----------------------------------+-----------------+------------------------------+-------------------------------------------+---------+
; pipeline.v                       ; yes             ; Auto-Found Verilog HDL File  ; C:/altera/13.0sp1/ALU_2/pipeline.v        ;         ;
; macros.v                         ; yes             ; Auto-Found Verilog HDL File  ; C:/altera/13.0sp1/ALU_2/macros.v          ;         ;
; inst_fetch.v                     ; yes             ; Auto-Found Verilog HDL File  ; C:/altera/13.0sp1/ALU_2/inst_fetch.v      ;         ;
; data/inst_mem.txt                ; yes             ; Auto-Found File              ; C:/altera/13.0sp1/ALU_2/data/inst_mem.txt ;         ;
; memory.v                         ; yes             ; Auto-Found Verilog HDL File  ; C:/altera/13.0sp1/ALU_2/memory.v          ;         ;
; alu.v                            ; yes             ; Auto-Found Verilog HDL File  ; C:/altera/13.0sp1/ALU_2/alu.v             ;         ;
; mul.v                            ; yes             ; Auto-Found Verilog HDL File  ; C:/altera/13.0sp1/ALU_2/mul.v             ;         ;
; addsub.v                         ; yes             ; Auto-Found Verilog HDL File  ; C:/altera/13.0sp1/ALU_2/addsub.v          ;         ;
; divider.v                        ; yes             ; Auto-Found Verilog HDL File  ; C:/altera/13.0sp1/ALU_2/divider.v         ;         ;
+----------------------------------+-----------------+------------------------------+-------------------------------------------+---------+


+-----------------------------------------------------+
; Analysis & Synthesis Resource Usage Summary         ;
+---------------------------------------------+-------+
; Resource                                    ; Usage ;
+---------------------------------------------+-------+
;                                             ;       ;
; Total combinational functions               ; 0     ;
; Logic element usage by number of LUT inputs ;       ;
;     -- 4 input functions                    ; 0     ;
;     -- 3 input functions                    ; 0     ;
;     -- <=2 input functions                  ; 0     ;
;                                             ;       ;
; Logic elements by mode                      ;       ;
;     -- normal mode                          ; 0     ;
;     -- arithmetic mode                      ; 0     ;
;                                             ;       ;
; Total registers                             ; 0     ;
;     -- Dedicated logic registers            ; 0     ;
;     -- I/O registers                        ; 0     ;
;                                             ;       ;
; I/O pins                                    ; 2     ;
; Embedded Multiplier 9-bit elements          ; 0     ;
+---------------------------------------------+-------+


+-----------------------------------------------------------------------------------------------------------------------------------------------------------------------------+
; Analysis & Synthesis Resource Utilization by Entity                                                                                                                         ;
+----------------------------+-------------------+--------------+-------------+--------------+---------+-----------+------+--------------+---------------------+--------------+
; Compilation Hierarchy Node ; LC Combinationals ; LC Registers ; Memory Bits ; DSP Elements ; DSP 9x9 ; DSP 18x18 ; Pins ; Virtual Pins ; Full Hierarchy Name ; Library Name ;
+----------------------------+-------------------+--------------+-------------+--------------+---------+-----------+------+--------------+---------------------+--------------+
; |pipeline                  ; 0 (0)             ; 0 (0)        ; 0           ; 0            ; 0       ; 0         ; 2    ; 0            ; |pipeline           ; work         ;
+----------------------------+-------------------+--------------+-------------+--------------+---------+-----------+------+--------------+---------------------+--------------+
Note: For table entries with two numbers listed, the numbers in parentheses indicate the number of resources of the given type used by the specific entity alone. The numbers listed outside of parentheses indicate the total resources of the given type used by the specific entity and all of its sub-entities in the hierarchy.


Encoding Type:  One-Hot
+--------------------------------------------------------------------------------------------------------------------------------------------------------------------------------------------------------------------------------------------+
; State Machine - |pipeline|alu:ALU|state                                                                                                                                                                                                    ;
+------------+----------+----------+----------+----------+----------+----------+----------+----------+----------+----------+----------+----------+----------+----------+----------+----------+----------+-----------+-----------+------------+
; Name       ; state.Q3 ; state.Q2 ; state.Q1 ; state.D9 ; state.D8 ; state.D7 ; state.D6 ; state.D5 ; state.D4 ; state.D3 ; state.D2 ; state.D1 ; state.M5 ; state.M4 ; state.M3 ; state.M2 ; state.M1 ; state.AS2 ; state.AS1 ; state.IDLE ;
+------------+----------+----------+----------+----------+----------+----------+----------+----------+----------+----------+----------+----------+----------+----------+----------+----------+----------+-----------+-----------+------------+
; state.IDLE ; 0        ; 0        ; 0        ; 0        ; 0        ; 0        ; 0        ; 0        ; 0        ; 0        ; 0        ; 0        ; 0        ; 0        ; 0        ; 0        ; 0        ; 0         ; 0         ; 0          ;
; state.AS1  ; 0        ; 0        ; 0        ; 0        ; 0        ; 0        ; 0        ; 0        ; 0        ; 0        ; 0        ; 0        ; 0        ; 0        ; 0        ; 0        ; 0        ; 0         ; 1         ; 1          ;
; state.AS2  ; 0        ; 0        ; 0        ; 0        ; 0        ; 0        ; 0        ; 0        ; 0        ; 0        ; 0        ; 0        ; 0        ; 0        ; 0        ; 0        ; 0        ; 1         ; 0         ; 1          ;
; state.M1   ; 0        ; 0        ; 0        ; 0        ; 0        ; 0        ; 0        ; 0        ; 0        ; 0        ; 0        ; 0        ; 0        ; 0        ; 0        ; 0        ; 1        ; 0         ; 0         ; 1          ;
; state.M2   ; 0        ; 0        ; 0        ; 0        ; 0        ; 0        ; 0        ; 0        ; 0        ; 0        ; 0        ; 0        ; 0        ; 0        ; 0        ; 1        ; 0        ; 0         ; 0         ; 1          ;
; state.M3   ; 0        ; 0        ; 0        ; 0        ; 0        ; 0        ; 0        ; 0        ; 0        ; 0        ; 0        ; 0        ; 0        ; 0        ; 1        ; 0        ; 0        ; 0         ; 0         ; 1          ;
; state.M4   ; 0        ; 0        ; 0        ; 0        ; 0        ; 0        ; 0        ; 0        ; 0        ; 0        ; 0        ; 0        ; 0        ; 1        ; 0        ; 0        ; 0        ; 0         ; 0         ; 1          ;
; state.M5   ; 0        ; 0        ; 0        ; 0        ; 0        ; 0        ; 0        ; 0        ; 0        ; 0        ; 0        ; 0        ; 1        ; 0        ; 0        ; 0        ; 0        ; 0         ; 0         ; 1          ;
; state.D1   ; 0        ; 0        ; 0        ; 0        ; 0        ; 0        ; 0        ; 0        ; 0        ; 0        ; 0        ; 1        ; 0        ; 0        ; 0        ; 0        ; 0        ; 0         ; 0         ; 1          ;
; state.D2   ; 0        ; 0        ; 0        ; 0        ; 0        ; 0        ; 0        ; 0        ; 0        ; 0        ; 1        ; 0        ; 0        ; 0        ; 0        ; 0        ; 0        ; 0         ; 0         ; 1          ;
; state.D3   ; 0        ; 0        ; 0        ; 0        ; 0        ; 0        ; 0        ; 0        ; 0        ; 1        ; 0        ; 0        ; 0        ; 0        ; 0        ; 0        ; 0        ; 0         ; 0         ; 1          ;
; state.D4   ; 0        ; 0        ; 0        ; 0        ; 0        ; 0        ; 0        ; 0        ; 1        ; 0        ; 0        ; 0        ; 0        ; 0        ; 0        ; 0        ; 0        ; 0         ; 0         ; 1          ;
; state.D5   ; 0        ; 0        ; 0        ; 0        ; 0        ; 0        ; 0        ; 1        ; 0        ; 0        ; 0        ; 0        ; 0        ; 0        ; 0        ; 0        ; 0        ; 0         ; 0         ; 1          ;
; state.D6   ; 0        ; 0        ; 0        ; 0        ; 0        ; 0        ; 1        ; 0        ; 0        ; 0        ; 0        ; 0        ; 0        ; 0        ; 0        ; 0        ; 0        ; 0         ; 0         ; 1          ;
; state.D7   ; 0        ; 0        ; 0        ; 0        ; 0        ; 1        ; 0        ; 0        ; 0        ; 0        ; 0        ; 0        ; 0        ; 0        ; 0        ; 0        ; 0        ; 0         ; 0         ; 1          ;
; state.D8   ; 0        ; 0        ; 0        ; 0        ; 1        ; 0        ; 0        ; 0        ; 0        ; 0        ; 0        ; 0        ; 0        ; 0        ; 0        ; 0        ; 0        ; 0         ; 0         ; 1          ;
; state.D9   ; 0        ; 0        ; 0        ; 1        ; 0        ; 0        ; 0        ; 0        ; 0        ; 0        ; 0        ; 0        ; 0        ; 0        ; 0        ; 0        ; 0        ; 0         ; 0         ; 1          ;
; state.Q1   ; 0        ; 0        ; 1        ; 0        ; 0        ; 0        ; 0        ; 0        ; 0        ; 0        ; 0        ; 0        ; 0        ; 0        ; 0        ; 0        ; 0        ; 0         ; 0         ; 1          ;
; state.Q2   ; 0        ; 1        ; 0        ; 0        ; 0        ; 0        ; 0        ; 0        ; 0        ; 0        ; 0        ; 0        ; 0        ; 0        ; 0        ; 0        ; 0        ; 0         ; 0         ; 1          ;
; state.Q3   ; 1        ; 0        ; 0        ; 0        ; 0        ; 0        ; 0        ; 0        ; 0        ; 0        ; 0        ; 0        ; 0        ; 0        ; 0        ; 0        ; 0        ; 0         ; 0         ; 1          ;
+------------+----------+----------+----------+----------+----------+----------+----------+----------+----------+----------+----------+----------+----------+----------+----------+----------+----------+-----------+-----------+------------+


+-------------------------------------------------------------+
; Registers Removed During Synthesis                          ;
+----------------------------------------+--------------------+
; Register name                          ; Reason for Removal ;
+----------------------------------------+--------------------+
; alu:ALU|state~5                        ; Lost fanout        ;
; alu:ALU|state~6                        ; Lost fanout        ;
; alu:ALU|state~7                        ; Lost fanout        ;
; alu:ALU|state~8                        ; Lost fanout        ;
; alu:ALU|state~9                        ; Lost fanout        ;
; alu_start                              ; Lost fanout        ;
; cur_op[0..2]                           ; Lost fanout        ;
; busy                                   ; Lost fanout        ;
; alu:ALU|done                           ; Lost fanout        ;
; inst_fetch:IF|pc[0..4]                 ; Lost fanout        ;
; alu:ALU|state.IDLE                     ; Lost fanout        ;
; alu:ALU|state.AS1                      ; Lost fanout        ;
; alu:ALU|state.AS2                      ; Lost fanout        ;
; alu:ALU|state.M1                       ; Lost fanout        ;
; alu:ALU|state.M2                       ; Lost fanout        ;
; alu:ALU|state.M3                       ; Lost fanout        ;
; alu:ALU|state.M4                       ; Lost fanout        ;
; alu:ALU|state.M5                       ; Lost fanout        ;
; alu:ALU|state.D1                       ; Lost fanout        ;
; alu:ALU|state.D2                       ; Lost fanout        ;
; alu:ALU|state.D3                       ; Lost fanout        ;
; alu:ALU|state.D4                       ; Lost fanout        ;
; alu:ALU|state.D5                       ; Lost fanout        ;
; alu:ALU|state.D6                       ; Lost fanout        ;
; alu:ALU|state.D7                       ; Lost fanout        ;
; alu:ALU|state.D8                       ; Lost fanout        ;
; alu:ALU|state.D9                       ; Lost fanout        ;
; alu:ALU|state.Q1                       ; Lost fanout        ;
; alu:ALU|state.Q2                       ; Lost fanout        ;
; alu:ALU|state.Q3                       ; Lost fanout        ;
; Total Number of Removed Registers = 36 ;                    ;
+----------------------------------------+--------------------+


+------------------------------------------------------------------------------------------------------------------------+
; Removed Registers Triggering Further Register Optimizations                                                            ;
+-----------------+--------------------+---------------------------------------------------------------------------------+
; Register name   ; Reason for Removal ; Registers Removed due to This Register                                          ;
+-----------------+--------------------+---------------------------------------------------------------------------------+
; alu:ALU|state~5 ; Lost Fanouts       ; cur_op[2], inst_fetch:IF|pc[4], inst_fetch:IF|pc[3], inst_fetch:IF|pc[2],       ;
;                 ;                    ; inst_fetch:IF|pc[1], inst_fetch:IF|pc[0], alu:ALU|state.IDLE, alu:ALU|state.D1, ;
;                 ;                    ; alu:ALU|state.D3, alu:ALU|state.D5, alu:ALU|state.D7, alu:ALU|state.Q2          ;
; alu:ALU|state~6 ; Lost Fanouts       ; alu:ALU|state.D2, alu:ALU|state.D6, alu:ALU|state.Q1                            ;
; alu:ALU|state~7 ; Lost Fanouts       ; alu:ALU|state.M3, alu:ALU|state.M4, alu:ALU|state.D4                            ;
; alu_start       ; Lost Fanouts       ; busy, alu:ALU|done                                                              ;
; alu:ALU|state~9 ; Lost Fanouts       ; alu:ALU|state.D8                                                                ;
+-----------------+--------------------+---------------------------------------------------------------------------------+


+------------------------------------------------------+
; General Register Statistics                          ;
+----------------------------------------------+-------+
; Statistic                                    ; Value ;
+----------------------------------------------+-------+
; Total registers                              ; 0     ;
; Number of registers using Synchronous Clear  ; 0     ;
; Number of registers using Synchronous Load   ; 0     ;
; Number of registers using Asynchronous Clear ; 0     ;
; Number of registers using Asynchronous Load  ; 0     ;
; Number of registers using Clock Enable       ; 0     ;
; Number of registers using Preset             ; 0     ;
+----------------------------------------------+-------+


+------------------------------------------------------------------------------------------------------------------------------------------+
; Multiplexer Restructuring Statistics (Restructuring Performed)                                                                           ;
+--------------------+-----------+---------------+----------------------+------------------------+------------+----------------------------+
; Multiplexer Inputs ; Bus Width ; Baseline Area ; Area if Restructured ; Saving if Restructured ; Registered ; Example Multiplexer Output ;
+--------------------+-----------+---------------+----------------------+------------------------+------------+----------------------------+
; 10:1               ; 4 bits    ; 24 LEs        ; 16 LEs               ; 8 LEs                  ; No         ; |pipeline|alu:ALU|state    ;
+--------------------+-----------+---------------+----------------------+------------------------+------------+----------------------------+


+------------------------------------------------------------+
; Parameter Settings for User Entity Instance: inst_fetch:IF ;
+----------------+-------+-----------------------------------+
; Parameter Name ; Value ; Type                              ;
+----------------+-------+-----------------------------------+
; DEPTH          ; 32    ; Signed Integer                    ;
; A_LEN          ; 5     ; Signed Integer                    ;
+----------------+-------+-----------------------------------+
Note: In order to hide this table in the UI and the text report file, please set the "Show Parameter Settings in Synthesis Report" option in "Analysis and Synthesis Settings -> More Settings" to "Off".


+---------------------------------------------------------+
; Parameter Settings for User Entity Instance: memory:MEM ;
+----------------+-------+--------------------------------+
; Parameter Name ; Value ; Type                           ;
+----------------+-------+--------------------------------+
; DEPTH          ; 32    ; Signed Integer                 ;
; A_LEN          ; 5     ; Signed Integer                 ;
+----------------+-------+--------------------------------+
Note: In order to hide this table in the UI and the text report file, please set the "Show Parameter Settings in Synthesis Report" option in "Analysis and Synthesis Settings -> More Settings" to "Off".


+---------------------------------------------------------------------------------------------------------------------------------------+
; Port Connectivity Checks: "inst_fetch:IF"                                                                                             ;
+--------+--------+----------+----------------------------------------------------------------------------------------------------------+
; Port   ; Type   ; Severity ; Details                                                                                                  ;
+--------+--------+----------+----------------------------------------------------------------------------------------------------------+
; pc_out ; Output ; Warning  ; Declared by entity but not connected by instance. Logic that only feeds a dangling port will be removed. ;
+--------+--------+----------+----------------------------------------------------------------------------------------------------------+


+-------------------------------+
; Elapsed Time Per Partition    ;
+----------------+--------------+
; Partition Name ; Elapsed Time ;
+----------------+--------------+
; Top            ; 00:00:00     ;
+----------------+--------------+


+-------------------------------+
; Analysis & Synthesis Messages ;
+-------------------------------+
Info: *******************************************************************
Info: Running Quartus II 64-Bit Analysis & Synthesis
    Info: Version 13.0.1 Build 232 06/12/2013 Service Pack 1 SJ Web Edition
    Info: Processing started: Sun Jun 07 21:40:46 2026
Info: Command: quartus_map --read_settings_files=on --write_settings_files=off ALU_2 -c pipeline
Warning (20028): Parallel compilation is not licensed and has been disabled
Warning (12125): Using design file pipeline.v, which is not specified as a design file for the current project, but contains definitions for 1 design units and 1 entities in project
    Info (12023): Found entity 1: pipeline
Info (12127): Elaborating entity "pipeline" for the top level hierarchy
Warning (12125): Using design file inst_fetch.v, which is not specified as a design file for the current project, but contains definitions for 1 design units and 1 entities in project
    Info (12023): Found entity 1: inst_fetch
Info (12128): Elaborating entity "inst_fetch" for hierarchy "inst_fetch:IF"
Warning (10030): Net "mem.data_a" at inst_fetch.v(16) has no driver or initial value, using a default initial value '0'
Warning (10030): Net "mem.waddr_a" at inst_fetch.v(16) has no driver or initial value, using a default initial value '0'
Warning (10030): Net "mem.we_a" at inst_fetch.v(16) has no driver or initial value, using a default initial value '0'
Warning (12125): Using design file memory.v, which is not specified as a design file for the current project, but contains definitions for 1 design units and 1 entities in project
    Info (12023): Found entity 1: memory
Info (12128): Elaborating entity "memory" for hierarchy "memory:MEM"
Warning (12125): Using design file alu.v, which is not specified as a design file for the current project, but contains definitions for 1 design units and 1 entities in project
    Info (12023): Found entity 1: alu
Info (12128): Elaborating entity "alu" for hierarchy "alu:ALU"
Info (10264): Verilog HDL Case Statement information at alu.v(70): all case item expressions in this case statement are onehot
Warning (12125): Using design file mul.v, which is not specified as a design file for the current project, but contains definitions for 1 design units and 1 entities in project
    Info (12023): Found entity 1: mul
Info (12128): Elaborating entity "mul" for hierarchy "alu:ALU|mul:MUL"
Warning (12125): Using design file addsub.v, which is not specified as a design file for the current project, but contains definitions for 1 design units and 1 entities in project
    Info (12023): Found entity 1: addsub
Info (12128): Elaborating entity "addsub" for hierarchy "alu:ALU|addsub:ADDSUB"
Warning (12125): Using design file divider.v, which is not specified as a design file for the current project, but contains definitions for 1 design units and 1 entities in project
    Info (12023): Found entity 1: divider
Info (12128): Elaborating entity "divider" for hierarchy "alu:ALU|divider:DIV"
Warning (10230): Verilog HDL assignment warning at divider.v(11): truncated value with size 32 to match size of target (8)
Info (276014): Found 1 instances of uninferred RAM logic
    Info (276004): RAM logic "inst_fetch:IF|mem" is uninferred due to inappropriate RAM size
Warning (12241): 1 hierarchies have connectivity warnings - see the Connectivity Checks report folder
Info (17049): 36 registers lost all their fanouts during netlist optimizations.
Info (16010): Generating hard_block partition "hard_block:auto_generated_inst"
    Info (16011): Adding 0 node(s), including 0 DDIO, 0 PLL, 0 transceiver and 0 LCELL
Warning (21074): Design contains 2 input pin(s) that do not drive logic
    Warning (15610): No output dependent on input pin "clk"
    Warning (15610): No output dependent on input pin "rstN"
Info (21057): Implemented 2 device resources after synthesis - the final resource count might be different
    Info (21058): Implemented 2 input pins
    Info (21059): Implemented 0 output pins
Info: Quartus II 64-Bit Analysis & Synthesis was successful. 0 errors, 16 warnings
    Info: Peak virtual memory: 4609 megabytes
    Info: Processing ended: Sun Jun 07 21:40:47 2026
    Info: Elapsed time: 00:00:01
    Info: Total CPU time (on all processors): 00:00:00


